// Jest Snapshot v1, https://goo.gl/fbAQLP

exports[`<Footer /> rendering should render correctly 1`] = `
<div
  className="owisp-footer-container"
>
  <div
    className="owisp-footer-row-1"
  >
    <div
      className="owisp-footer-row-1-inner"
    >
      <a
        className="owisp-footer-link
                    owisp-footer-link-1"
        href="https://link-1.com"
        rel="noreferrer noopener"
        target="_blank"
      >
        link-1
      </a>
      <a
        className="owisp-footer-link
                    owisp-footer-link-2"
        href="https://link-2.com"
        rel="noreferrer noopener"
        target="_blank"
      >
        link-2
      </a>
    </div>
  </div>
  <div
    className="owisp-footer-row-2"
  >
    <div
      className="owisp-footer-row-2-inner"
    />
  </div>
</div>
`;
